Microchip MPLAB XC8 Compiler V2.05 ()

Linker command line:

-W-3 --edf=C:\Program Files (x86)\Microchip\xc8\v2.05\pic\dat\en_msgs.txt \
  -cs -h+dist/default/production\shiftComplete.X.production.sym \
  --cmf=dist/default/production\shiftComplete.X.production.cmf -z -Q10LF322 \
  -oC:\Users\pawan\AppData\Local\Temp\s4a0.2 --defsym=__MPLAB_BUILD=1 \
  -Mdist/default/production/shiftComplete.X.production.map -E1 -ver=XC8 \
  --acfsm=1493 -ASTACK=057h-07Dh -pstack=STACK -ACODE=00h-01FFh \
  -ASTRCODE=00h-01FFh -ASTRING=00h-0FFhx2 -ACONST=00h-0FFhx2 \
  -AENTRY=00h-0FFhx2 -ABANK0=040h-07Dh -ARAM=040h-07Dh -AABS1=040h-07Fh \
  -ACOMMON=07Eh-07Fh -ASFR0=00h-03Fh \
  -preset_vec=00h,intentry=04h,init,end_init -ppowerup=CODE -pcinit=CODE \
  -pfunctab=ENTRY -ACONFIG=02007h-02007h -pconfig=CONFIG -DCONFIG=2 \
  -AIDLOC=02000h-02003h -pidloc=IDLOC -DIDLOC=2 -DCODE=2 -DSTRCODE=2 \
  -DSTRING=2 -DCONST=2 -DENTRY=2 -k \
  C:\Users\pawan\AppData\Local\Temp\s4a0.o \
  dist/default/production\shiftComplete.X.production.o 

Object code version is 3.11

Machine type is 10LF322



                Name                               Link     Load   Length Selector   Space Scale
C:\Users\pawan\AppData\Local\Temp\s4a0.o
                end_init                              A        A        1        8       0
                reset_vec                             0        0        1        0       0
                config                             2007     2007        1     400E       0
dist/default/production\shiftComplete.X.production.o
                cinit                                 B        B        C        8       0
                intentry                              4        4        6        8       0
                text8                                B6       B6       19        8       0
                text7                                17       17       5A        8       0
                text6                                F9       F9        4        8       0
                text5                                F3       F3        6        8       0
                text4                                DD       DD        D        8       0
                text3                                96       96       20        8       0
                text2                                EA       EA        9        8       0
                text1                                CF       CF        E        8       0
                maintext                             71       71       25        8       0
                cstackBANK0                          40       40        D       40       1
                bssBANK0                             4D       4D        A       40       1

TOTAL           Name                               Link     Load   Length     Space
        CLASS   STACK          

        CLASS   CODE           
                end_init                              A        A        1         0
                cinit                                 B        B        C         0
                intentry                              4        4        6         0
                reset_vec                             0        0        1         0
                text8                                B6       B6       19         0
                text7                                17       17       5A         0
                text6                                F9       F9        4         0
                text5                                F3       F3        6         0
                text4                                DD       DD        D         0
                text3                                96       96       20         0
                text2                                EA       EA        9         0
                text1                                CF       CF        E         0
                maintext                             71       71       25         0

        CLASS   STRCODE        

        CLASS   STRING         

        CLASS   CONST          

        CLASS   ENTRY          

        CLASS   BANK0          
                cstackBANK0                          40       40        D         1
                bssBANK0                             4D       4D        A         1

        CLASS   RAM            

        CLASS   ABS1           
                abs_s1                               7E       7E        2         1

        CLASS   COMMON         

        CLASS   SFR0           

        CLASS   CONFIG         
                config                             2007     2007        1         0

        CLASS   IDLOC          

        CLASS   EEDATA         



SEGMENTS        Name                           Load    Length   Top    Selector   Space  Class     Delta

                reset_vec                      000000  000001  000001         0       0  CODE        2
                intentry                       000004  0000F9  0000FD         8       0  CODE        2
                cstackBANK0                    000040  000017  000057        40       1  BANK0       1
                config                         002007  000001  002008      400E       0  CONFIG      2


UNUSED ADDRESS RANGES

        Name                Unused          Largest block    Delta
        BANK0            0057-007D             27           1
        CODE             0001-0003              3           2
                         00FD-01FF            103
        CONST            0001-0003              3           2
                         00FD-01FF              3
        ENTRY            0001-0003              3           2
                         00FD-01FF              3
        IDLOC            2000-2003              4           2
        RAM              0057-007D             27           1
        SFR0             0000-003F             40           1
        STACK            0057-007D             27           1
        STRCODE          0001-0003              3           2
                         00FD-01FF            103
        STRING           0001-0003              3           2
                         00FD-01FF              3

                                  Symbol Table

_ANSELAbits                     (abs)        0008
_HalfHourCounter                bssBANK0     0055
_HourCounter                    bssBANK0     0054
_INTCONbits                     (abs)        000B
_LATAbits                       (abs)        0007
_MinuteCounter                  bssBANK0     0056
_MsecCounter                    bssBANK0     004F
_OPTION_REGbits                 (abs)        000E
_OSCCONbits                     (abs)        0010
_PIE1bits                       (abs)        000D
_PIR1bits                       (abs)        000C
_PORTAbits                      (abs)        0005
_PR2                            (abs)        0012
_SecondCounter                  bssBANK0     004D
_ShiftComplete                  bssBANK0     0053
_ShiftStarted                   bssBANK0     0052
_T2CONbits                      (abs)        0013
_TMR0                           (abs)        0001
_TRISAbits                      (abs)        0006
_TimerCounter                   bssBANK0     0051
_WPUAbits                       (abs)        0009
__CFG_BOREN$OFF                 (abs)        0000
__CFG_BORV$LO                   (abs)        0000
__CFG_CP$OFF                    (abs)        0000
__CFG_FOSC$INTOSC               (abs)        0000
__CFG_LPBOR$OFF                 (abs)        0000
__CFG_LVP$OFF                   (abs)        0000
__CFG_MCLRE$ON                  (abs)        0000
__CFG_PWRTE$OFF                 (abs)        0000
__CFG_WDTE$OFF                  (abs)        0000
__CFG_WRT$OFF                   (abs)        0000
__Habs1                         abs1         0000
__Hbank0                        bank0        0000
__HbssBANK0                     bssBANK0     0000
__Hcinit                        cinit        0017
__Hclrtext                      clrtext      0000
__Hcode                         code         0000
__Hcommon                       common       0000
__Hconfig                       config       2008
__HcstackBANK0                  cstackBANK0  0000
__HcstackCOMMON                 cstackCOMMON 0000
__Heeprom_data                  eeprom_data  0000
__Hend_init                     end_init     000B
__Hfunctab                      functab      0000
__Hidloc                        idloc        0000
__Hinit                         init         000A
__Hintentry                     intentry     000A
__Hmaintext                     maintext     0000
__Hpowerup                      powerup      0000
__Hram                          ram          0000
__Hreset_vec                    reset_vec    0001
__Hsfr0                         sfr0         0000
__Hspace_0                      (abs)        2008
__Hspace_1                      (abs)        0057
__Hspace_2                      (abs)        0000
__Hspace_3                      (abs)        0000
__Hstack                        stack        0000
__Hstrings                      strings      0000
__Htext                         text         0000
__Labs1                         abs1         0000
__Lbank0                        bank0        0000
__LbssBANK0                     bssBANK0     0000
__Lcinit                        cinit        000B
__Lclrtext                      clrtext      0000
__Lcode                         code         0000
__Lcommon                       common       0000
__Lconfig                       config       2007
__LcstackBANK0                  cstackBANK0  0000
__LcstackCOMMON                 cstackCOMMON 0000
__Leeprom_data                  eeprom_data  0000
__Lend_init                     end_init     000A
__Lfunctab                      functab      0000
__Lidloc                        idloc        0000
__Linit                         init         000A
__Lintentry                     intentry     0004
__Lmaintext                     maintext     0000
__Lpowerup                      powerup      0000
__Lram                          ram          0000
__Lreset_vec                    reset_vec    0000
__Lsfr0                         sfr0         0000
__Lspace_0                      (abs)        0000
__Lspace_1                      (abs)        0000
__Lspace_2                      (abs)        0000
__Lspace_3                      (abs)        0000
__Lstack                        stack        0000
__Lstrings                      strings      0000
__Ltext                         text         0000
__S0                            (abs)        2008
__S1                            (abs)        0057
__S2                            (abs)        0000
___int_sp                       stack        0000
___latbits                      (abs)        0000
___sp                           stack        0000
___stackhi                      (abs)        0000
___stacklo                      (abs)        0000
__end_of__initialization        cinit        0015
__end_of_clock_config           text6        00FD
__end_of_externalInterruptInit  text5        00F9
__end_of_gpio_config            text4        00EA
__end_of_hour_indication        text8        00CF
__end_of_isr_routine            text7        0071
__end_of_main                   maintext     0096
__end_of_start_sequence         text3        00B6
__end_of_timer_0_config         text2        00F3
__end_of_timer_2_config         text1        00DD
__initialization                cinit        000B
__pbssBANK0                     bssBANK0     004D
__pcstackBANK0                  cstackBANK0  0040
__pcstackCOMMON                 cstackCOMMON 0000
__pintentry                     intentry     0004
__pmaintext                     maintext     0071
__ptext1                        text1        00CF
__ptext2                        text2        00EA
__ptext3                        text3        0096
__ptext4                        text4        00DD
__ptext5                        text5        00F3
__ptext6                        text6        00F9
__ptext7                        text7        0017
__ptext8                        text8        00B6
__size_of_clock_config          (abs)        0000
__size_of_externalInterruptInit (abs)        0000
__size_of_gpio_config           (abs)        0000
__size_of_hour_indication       (abs)        0000
__size_of_isr_routine           (abs)        0000
__size_of_main                  (abs)        0000
__size_of_start_sequence        (abs)        0000
__size_of_timer_0_config        (abs)        0000
__size_of_timer_2_config        (abs)        0000
_clock_config                   text6        00F9
_externalInterruptInit          text5        00F3
_gpio_config                    text4        00DD
_hour_indication                text8        00B6
_isr_routine                    text7        0017
_isr_routine$292                cstackBANK0  0046
_main                           maintext     0071
_start_sequence                 text3        0096
_timer_0_config                 text2        00EA
_timer_2_config                 text1        00CF
btemp                           (abs)        007E
end_of_initialization           cinit        0015
hour_indication@hour            cstackBANK0  0042
interrupt_function              intentry     0004
intlevel0                       functab      0000
intlevel1                       functab      0000
intlevel2                       functab      0000
intlevel3                       functab      0000
intlevel4                       functab      0000
intlevel5                       functab      0000
reset_vec                       reset_vec    0000
saved_w                         (abs)        007E
start                           init         000A
start_initialization            cinit        000B
start_sequence@i                cstackBANK0  004A
wtemp0                          (abs)        007E


FUNCTION INFORMATION:

 *************** function _main *****************
 Defined at:
		line 100 in file "main.c"
 Parameters:    Size  Location     Type
		None
 Auto vars:     Size  Location     Type
		None
 Return value:  Size  Location     Type
                  1    wreg      void 
 Registers used:
		wreg, status,2, status,0, pclath, cstack
 Tracked objects:
		On entry : 
		On exit  : 
		Unchanged: 
 Data sizes:     COMMON   BANK0
      Params:         0       0
      Locals:         0       0
      Temps:          0       2
      Totals:         0       2
Total ram usage:        2 bytes
 Hardware stack levels required when called:    3
 This function calls:
		_clock_config
		_externalInterruptInit
		_gpio_config
		_start_sequence
		_timer_0_config
		_timer_2_config
 This function is called by:
		Startup code after reset
 This function uses a non-reentrant model


 *************** function _timer_2_config *****************
 Defined at:
		line 160 in file "main.c"
 Parameters:    Size  Location     Type
		None
 Auto vars:     Size  Location     Type
		None
 Return value:  Size  Location     Type
                  1    wreg      void 
 Registers used:
		wreg
 Tracked objects:
		On entry : 
		On exit  : 
		Unchanged: 
 Data sizes:     COMMON   BANK0
      Params:         0       0
      Locals:         0       0
      Temps:          0       0
      Totals:         0       0
Total ram usage:        0 bytes
 Hardware stack levels used:    1
 Hardware stack levels required when called:    2
 This function calls:
		Nothing
 This function is called by:
		_main
 This function uses a non-reentrant model


 *************** function _timer_0_config *****************
 Defined at:
		line 145 in file "main.c"
 Parameters:    Size  Location     Type
		None
 Auto vars:     Size  Location     Type
		None
 Return value:  Size  Location     Type
                  1    wreg      void 
 Registers used:
		status,2
 Tracked objects:
		On entry : 
		On exit  : 
		Unchanged: 
 Data sizes:     COMMON   BANK0
      Params:         0       0
      Locals:         0       0
      Temps:          0       0
      Totals:         0       0
Total ram usage:        0 bytes
 Hardware stack levels used:    1
 Hardware stack levels required when called:    2
 This function calls:
		Nothing
 This function is called by:
		_main
 This function uses a non-reentrant model


 *************** function _start_sequence *****************
 Defined at:
		line 197 in file "main.c"
 Parameters:    Size  Location     Type
		None
 Auto vars:     Size  Location     Type
  i               1   10[BANK0 ] unsigned char 
 Return value:  Size  Location     Type
                  1    wreg      void 
 Registers used:
		wreg, status,2, status,0
 Tracked objects:
		On entry : 
		On exit  : 
		Unchanged: 
 Data sizes:     COMMON   BANK0
      Params:         0       0
      Locals:         0       1
      Temps:          0       2
      Totals:         0       3
Total ram usage:        3 bytes
 Hardware stack levels used:    1
 Hardware stack levels required when called:    2
 This function calls:
		Nothing
 This function is called by:
		_main
 This function uses a non-reentrant model


 *************** function _gpio_config *****************
 Defined at:
		line 128 in file "main.c"
 Parameters:    Size  Location     Type
		None
 Auto vars:     Size  Location     Type
		None
 Return value:  Size  Location     Type
                  1    wreg      void 
 Registers used:
		None
 Tracked objects:
		On entry : 
		On exit  : 
		Unchanged: 
 Data sizes:     COMMON   BANK0
      Params:         0       0
      Locals:         0       0
      Temps:          0       0
      Totals:         0       0
Total ram usage:        0 bytes
 Hardware stack levels used:    1
 Hardware stack levels required when called:    2
 This function calls:
		Nothing
 This function is called by:
		_main
 This function uses a non-reentrant model


 *************** function _externalInterruptInit *****************
 Defined at:
		line 188 in file "main.c"
 Parameters:    Size  Location     Type
		None
 Auto vars:     Size  Location     Type
		None
 Return value:  Size  Location     Type
                  1    wreg      void 
 Registers used:
		None
 Tracked objects:
		On entry : 
		On exit  : 
		Unchanged: 
 Data sizes:     COMMON   BANK0
      Params:         0       0
      Locals:         0       0
      Temps:          0       0
      Totals:         0       0
Total ram usage:        0 bytes
 Hardware stack levels used:    1
 Hardware stack levels required when called:    2
 This function calls:
		Nothing
 This function is called by:
		_main
 This function uses a non-reentrant model


 *************** function _clock_config *****************
 Defined at:
		line 180 in file "main.c"
 Parameters:    Size  Location     Type
		None
 Auto vars:     Size  Location     Type
		None
 Return value:  Size  Location     Type
                  1    wreg      void 
 Registers used:
		None
 Tracked objects:
		On entry : 
		On exit  : 
		Unchanged: 
 Data sizes:     COMMON   BANK0
      Params:         0       0
      Locals:         0       0
      Temps:          0       0
      Totals:         0       0
Total ram usage:        0 bytes
 Hardware stack levels used:    1
 Hardware stack levels required when called:    2
 This function calls:
		Nothing
 This function is called by:
		_main
 This function uses a non-reentrant model


 *************** function _isr_routine *****************
 Defined at:
		line 57 in file "main.c"
 Parameters:    Size  Location     Type
		None
 Auto vars:     Size  Location     Type
		None
 Return value:  Size  Location     Type
                  1    wreg      void 
 Registers used:
		wreg, status,2, status,0, pclath, cstack
 Tracked objects:
		On entry : 
		On exit  : 
		Unchanged: 
 Data sizes:     COMMON   BANK0
      Params:         0       0
      Locals:         0       2
      Temps:          0       3
      Totals:         0       5
Total ram usage:        5 bytes
 Hardware stack levels used:    1
 Hardware stack levels required when called:    1
 This function calls:
		_hour_indication
 This function is called by:
		Interrupt level 1
 This function uses a non-reentrant model


 *************** function _hour_indication *****************
 Defined at:
		line 209 in file "main.c"
 Parameters:    Size  Location     Type
  hour            1    wreg     unsigned char 
 Auto vars:     Size  Location     Type
  hour            1    2[BANK0 ] unsigned char 
 Return value:  Size  Location     Type
                  1    wreg      void 
 Registers used:
		wreg, status,2, status,0
 Tracked objects:
		On entry : 
		On exit  : 
		Unchanged: 
 Data sizes:     COMMON   BANK0
      Params:         0       0
      Locals:         0       1
      Temps:          0       2
      Totals:         0       3
Total ram usage:        3 bytes
 Hardware stack levels used:    1
 This function calls:
		Nothing
 This function is called by:
		_isr_routine
 This function uses a non-reentrant model



MODULE INFORMATION

Module		Function		Class		Link	Load	Size
shared
		__initialization		CODE           	000B	0000	11

shared estimated size: 11

main.c
		_isr_routine   		CODE           	0017	0000	91
		_hour_indication		CODE           	00B6	0000	26
		_main          		CODE           	0071	0000	38
		_externalInterruptInit		CODE           	00F3	0000	7
		_gpio_config   		CODE           	00DD	0000	14
		_timer_0_config		CODE           	00EA	0000	10
		_start_sequence		CODE           	0096	0000	33
		_timer_2_config		CODE           	00CF	0000	15
		_clock_config  		CODE           	00F9	0000	5

main.c estimated size: 239

